// Jest Snapshot v1, https://goo.gl/fbAQLP

exports[`PokemonPage debe hacer match con el snapshot cuando cargan los pokemones 1`] = `
<div>
  <h1>¿Quién es este Pokemon?</h1>
  <pokemon-image-stub pokemonid="1" showpokemon="false"></pokemon-image-stub>
  <pokemon-options-stub pokemons="[object Object],[object Object],[object Object],[object Object]"></pokemon-options-stub>
  <!--v-if-->
</div>
`;
