// Jest Snapshot v1, https://goo.gl/fbAQLP

exports[`PokemonImage debe hacer match con el snapShot 1`] = `<div class="pokemon-container"><img src="https://raw.githubusercontent.com/PokeAPI/sprites/master/sprites/pokemon/other/dream-world/1.svg" class="pokemon-hidden" alt="pokemon"></div>`;
